  Pickup.cpp
E:\MyProjects\ZombieArena\Pickup.cpp(22,20): warning C4244: '=': conversion from 'const int' to 'float', possible loss of data
E:\MyProjects\ZombieArena\Pickup.cpp(23,20): warning C4244: '=': conversion from 'const int' to 'float', possible loss of data
E:\MyProjects\ZombieArena\Pickup.cpp(29,28): warning C4244: '=': conversion from 'int' to 'T', possible loss of data
E:\MyProjects\ZombieArena\Pickup.cpp(29,28): warning C4244:         with
E:\MyProjects\ZombieArena\Pickup.cpp(29,28): warning C4244:         [
E:\MyProjects\ZombieArena\Pickup.cpp(29,28): warning C4244:             T=float
E:\MyProjects\ZombieArena\Pickup.cpp(29,28): warning C4244:         ]
E:\MyProjects\ZombieArena\Pickup.cpp(30,32): warning C4244: '=': conversion from 'int' to 'T', possible loss of data
E:\MyProjects\ZombieArena\Pickup.cpp(30,32): warning C4244:         with
E:\MyProjects\ZombieArena\Pickup.cpp(30,32): warning C4244:         [
E:\MyProjects\ZombieArena\Pickup.cpp(30,32): warning C4244:             T=float
E:\MyProjects\ZombieArena\Pickup.cpp(30,32): warning C4244:         ]
E:\MyProjects\ZombieArena\Pickup.cpp(31,26): warning C4244: '=': conversion from 'int' to 'T', possible loss of data
E:\MyProjects\ZombieArena\Pickup.cpp(31,26): warning C4244:         with
E:\MyProjects\ZombieArena\Pickup.cpp(31,26): warning C4244:         [
E:\MyProjects\ZombieArena\Pickup.cpp(31,26): warning C4244:             T=float
E:\MyProjects\ZombieArena\Pickup.cpp(31,26): warning C4244:         ]
E:\MyProjects\ZombieArena\Pickup.cpp(32,30): warning C4244: '=': conversion from 'int' to 'T', possible loss of data
E:\MyProjects\ZombieArena\Pickup.cpp(32,30): warning C4244:         with
E:\MyProjects\ZombieArena\Pickup.cpp(32,30): warning C4244:         [
E:\MyProjects\ZombieArena\Pickup.cpp(32,30): warning C4244:             T=float
E:\MyProjects\ZombieArena\Pickup.cpp(32,30): warning C4244:         ]
E:\MyProjects\ZombieArena\Pickup.cpp(49,26): warning C4244: 'argument': conversion from 'int' to 'float', possible loss of data
E:\MyProjects\ZombieArena\Pickup.cpp(49,23): warning C4244: 'argument': conversion from 'int' to 'float', possible loss of data
E:\MyProjects\ZombieArena\Pickup.cpp(106,34): warning C4244: '+=': conversion from 'double' to 'int', possible loss of data
E:\MyProjects\ZombieArena\Pickup.cpp(110,32): warning C4244: '+=': conversion from 'double' to 'int', possible loss of data
  ZombieArena.vcxproj -> E:\MyProjects\ZombieArena\Debug\ZombieArena.exe
